
> superbowlpoolgame@0.1.0 build
> next build

▲ Next.js 16.1.5 (Turbopack)
- Environments: .env

  Creating an optimized production build ...
✓ Compiled successfully in 1834.8ms
  Running TypeScript ...
  Collecting page data using 11 workers ...
  Generating static pages using 11 workers (0/5) ...
  Generating static pages using 11 workers (1/5) 
  Generating static pages using 11 workers (2/5) 
  Generating static pages using 11 workers (3/5) 
✓ Generating static pages using 11 workers (5/5) in 475.6ms
  Finalizing page optimization ...

Route (app)
┌ ○ /
├ ○ /_not-found
└ ○ /admin


○  (Static)  prerendered as static content

